in_source: |-
  ."Hello world!"
in_stdin: |
out_code: |-
  {
      "data": {
          "0": [
              12,
              72,
              101,
              108,
              108,
              111,
              32,
              119,
              111,
              114,
              108,
              100,
              33
          ]
      },
      "program": [
          {
              "index": 0,
              "opcode": "PUSH",
              "arg": 768
          },
          {
              "index": 1,
              "opcode": "LOAD",
              "arg": null
          },
          {
              "index": 2,
              "opcode": "PUSH",
              "arg": 1
          },
          {
              "index": 3,
              "opcode": "LOOP_START",
              "arg": null
          },
          {
              "index": 4,
              "opcode": "PUSH",
              "arg": 768
          },
          {
              "index": 5,
              "opcode": "PUSH",
              "arg": "i"
          },
          {
              "index": 6,
              "opcode": "ADD",
              "arg": null
          },
          {
              "index": 7,
              "opcode": "LOAD",
              "arg": null
          },
          {
              "index": 8,
              "opcode": "PUSH",
              "arg": 257
          },
          {
              "index": 9,
              "opcode": "SAVE",
              "arg": null
          },
          {
              "index": 10,
              "opcode": "LOOP_END",
              "arg": 4
          },
          {
              "index": 11,
              "opcode": "HALT",
              "arg": null
          }
      ]
  }
out_stdout: |
  source LoC: 1 code instr: 12
  ============================================================
  Error during simulation: Stack underflow
out_log: |
  DEBUG    root:machine.py:158 TICK:   1 PC:   1 LOOP_COUNTER:   0 TOP OF STACK:     768 SP:   1 	LOAD arg: None
  DEBUG    root:machine.py:158 TICK:   3 PC:   2 LOOP_COUNTER:   0 TOP OF STACK:      12 SP:   1 	PUSH arg: 1
  DEBUG    root:machine.py:158 TICK:   4 PC:   3 LOOP_COUNTER:   0 TOP OF STACK:       1 SP:   2 	LOOP_START arg: None
  DEBUG    root:machine.py:158 TICK:   8 PC:   4 LOOP_COUNTER:   1 TOP OF STACK: Empty   SP:   0 	PUSH arg: 768
  DEBUG    root:machine.py:158 TICK:   9 PC:   5 LOOP_COUNTER:   1 TOP OF STACK:     768 SP:   1 	PUSH arg: i
  DEBUG    root:machine.py:158 TICK:  10 PC:   6 LOOP_COUNTER:   1 TOP OF STACK:       1 SP:   2 	ADD arg: None
  DEBUG    root:machine.py:158 TICK:  12 PC:   7 LOOP_COUNTER:   1 TOP OF STACK:     769 SP:   1 	LOAD arg: None
  DEBUG    root:machine.py:158 TICK:  14 PC:   8 LOOP_COUNTER:   1 TOP OF STACK:      72 SP:   1 	PUSH arg: 257
  DEBUG    root:machine.py:158 TICK:  15 PC:   9 LOOP_COUNTER:   1 TOP OF STACK:     257 SP:   2 	SAVE arg: None
  DEBUG    root:machine.py:38 output: '' << 'H'
  DEBUG    root:machine.py:158 TICK:  17 PC:  10 LOOP_COUNTER:   1 TOP OF STACK: Empty   SP:   0 	LOOP_END arg: 4
  DEBUG    root:machine.py:158 TICK:  19 PC:   5 LOOP_COUNTER:   2 TOP OF STACK: Empty   SP:   0 	PUSH arg: i
  DEBUG    root:machine.py:158 TICK:  20 PC:   6 LOOP_COUNTER:   2 TOP OF STACK:       2 SP:   1 	ADD arg: None
