in_source: |-
  : Euler1
      0
      999 0 do
          i
          3 mod
          0 ==
          i
          5 mod
          0 ==
          or
          if
              i
              +
          then
      loop ;

  Euler1
  .

in_stdin: ''
out_code:
  data: {}
  program:
  - index: 0
    opcode: PUSH
    arg: 0
  - index: 1
    opcode: LOOP_START
    arg:
    - 0
    - 999
    - 1
  - index: 2
    opcode: PUSH
    arg: i
  - index: 3
    opcode: PUSH
    arg: 3
  - index: 4
    opcode: MOD
    arg:
  - index: 5
    opcode: PUSH
    arg: 0
  - index: 6
    opcode: EQUALS
    arg:
  - index: 7
    opcode: PUSH
    arg: i
  - index: 8
    opcode: PUSH
    arg: 5
  - index: 9
    opcode: MOD
    arg:
  - index: 10
    opcode: PUSH
    arg: 0
  - index: 11
    opcode: EQUALS
    arg:
  - index: 12
    opcode: OR
    arg:
  - index: 13
    opcode: JZ
    arg: 16
  - index: 14
    opcode: PUSH
    arg: i
  - index: 15
    opcode: ADD
    arg:
  - index: 16
    opcode: LOOP_END
    arg: 1
  - index: 17
    opcode: PRINT_TOP
    arg:
  - index: 18
    opcode: HALT
    arg:
out_stdout: |
  source LoC: 12 code instr: 19
  ============================================================
  233168
  instr_counter:  14937 ticks: 22472
out_log: |
  <expected log output>
